2026-09-19T11:46:30.4821209Z Runner dd80c623-1468-4d61-80a4-c31ce9959284 (version:v13.1.0) received task 1 of job delivery, triggered by event: workflow_dispatch
2026-09-19T11:46:30.4855956Z workflow prepared
2026-09-19T11:46:30.4881548Z   ☁️  git clone 'http://primary:3000/l12/l12-action' # ref=e735cac7b96b71319dca899e18e06191c286987d
2026-09-19T11:46:30.5474834Z   ☁️  git fetch 'http://primary:3000/l12/l12-action' skipped; ref=e735cac7b96b71319dca899e18e06191c286987d cached
2026-09-19T11:46:30.5582306Z ⭐ Run Pre http://primary:3000/l12/l12-action@e735cac7b96b71319dca899e18e06191c286987d
2026-09-19T11:46:30.5585481Z   ✅  Success - Pre http://primary:3000/l12/l12-action@e735cac7b96b71319dca899e18e06191c286987d
2026-09-19T11:46:30.5598145Z ⭐ Run Main http://primary:3000/l12/l12-action@e735cac7b96b71319dca899e18e06191c286987d
2026-09-19T11:46:30.5626845Z ⭐ Run Main set -eu\nprintf 'L12_ACTION_MARKER origin=%s\n' 'primary'
2026-09-19T11:46:30.5640117Z L12_ACTION_MARKER origin=primary
2026-09-19T11:46:30.5685743Z Cloning into '/tmp/tmp.AmbbKG/source'...
2026-09-19T11:46:30.9045370Z HEAD is now at 0217cb9 Merge pull request #15 from imcherry5778-labs/feat/l11-sidecar-ambient
2026-09-19T11:46:30.9079526Z L12_CHECKOUT_OK source_sha=0217cb98ce49547a3a929b909204b7278b95692c source_url=http://primary:3000/l12/app-source.git
2026-09-19T11:46:53.0626352Z ?   	github.com/imcherry5778-labs/github-capacity-cascade-lab/cmd/auth-sim	[no test files]
2026-09-19T11:46:53.0689084Z ok  	github.com/imcherry5778-labs/github-capacity-cascade-lab/cmd/l05-custom-metrics-adapter	0.004s
2026-09-19T11:46:53.0699313Z ok  	github.com/imcherry5778-labs/github-capacity-cascade-lab/cmd/proxy-metrics-exporter	0.004s
2026-09-19T11:46:53.0699739Z ok  	github.com/imcherry5778-labs/github-capacity-cascade-lab/internal/fault	0.004s
2026-09-19T11:46:53.6048712Z ok  	github.com/imcherry5778-labs/github-capacity-cascade-lab/internal/server	0.044s
2026-09-19T11:46:53.6049332Z ?   	github.com/imcherry5778-labs/github-capacity-cascade-lab/internal/telemetry	[no test files]
2026-09-19T11:47:05.2977458Z L12_BUILD_OK source_sha=0217cb98ce49547a3a929b909204b7278b95692c vendor_sha256=b79d50de1ba83429041b6256b1a9b335cef4537b04dd809870ccd3bdbd9325a8 binary_sha256=451ddd097041f655e817a2b5ae3ebb8900c4592c490c98a616882a3f220f896f artifact_version=prepared-primary-control-1
2026-09-19T11:47:05.6382725Z ⭐ Run Post http://primary:3000/l12/l12-action@e735cac7b96b71319dca899e18e06191c286987d
2026-09-19T11:47:05.6410891Z   ✅  Success - Post http://primary:3000/l12/l12-action@e735cac7b96b71319dca899e18e06191c286987d
2026-09-19T11:47:05.6460025Z 🏁  Job succeeded
