2026-09-19T11:48:49.7542024Z Runner f501c87b-2560-4ab7-af8f-13e7e5d6cd72 (version:v13.1.0) received task 1 of job delivery, triggered by event: workflow_dispatch
2026-09-19T11:48:49.7570061Z workflow prepared
2026-09-19T11:48:49.7600491Z   ☁️  git clone 'http://primary:3000/l12/l12-action' # ref=e735cac7b96b71319dca899e18e06191c286987d
2026-09-19T11:48:49.8226706Z   ☁️  git fetch 'http://primary:3000/l12/l12-action' skipped; ref=e735cac7b96b71319dca899e18e06191c286987d cached
2026-09-19T11:48:49.8335007Z ⭐ Run Pre http://primary:3000/l12/l12-action@e735cac7b96b71319dca899e18e06191c286987d
2026-09-19T11:48:49.8340570Z   ✅  Success - Pre http://primary:3000/l12/l12-action@e735cac7b96b71319dca899e18e06191c286987d
2026-09-19T11:48:49.8352459Z ⭐ Run Main http://primary:3000/l12/l12-action@e735cac7b96b71319dca899e18e06191c286987d
2026-09-19T11:48:49.8377775Z ⭐ Run Main set -eu\nprintf 'L12_ACTION_MARKER origin=%s\n' 'primary'
2026-09-19T11:48:49.8390828Z L12_ACTION_MARKER origin=primary
2026-09-19T11:48:49.8441525Z Cloning into '/tmp/tmp.cOhGbO/source'...
2026-09-19T11:48:50.1874527Z HEAD is now at 0217cb9 Merge pull request #15 from imcherry5778-labs/feat/l11-sidecar-ambient
2026-09-19T11:48:50.1923314Z L12_CHECKOUT_OK source_sha=0217cb98ce49547a3a929b909204b7278b95692c source_url=http://primary:3000/l12/app-source.git
2026-09-19T11:49:11.1559071Z ?   	github.com/imcherry5778-labs/github-capacity-cascade-lab/cmd/auth-sim	[no test files]
2026-09-19T11:49:11.1633598Z ok  	github.com/imcherry5778-labs/github-capacity-cascade-lab/cmd/l05-custom-metrics-adapter	0.005s
2026-09-19T11:49:11.1634358Z ok  	github.com/imcherry5778-labs/github-capacity-cascade-lab/cmd/proxy-metrics-exporter	0.004s
2026-09-19T11:49:11.1634573Z ok  	github.com/imcherry5778-labs/github-capacity-cascade-lab/internal/fault	0.004s
2026-09-19T11:49:11.6966549Z ok  	github.com/imcherry5778-labs/github-capacity-cascade-lab/internal/server	0.044s
2026-09-19T11:49:11.6967121Z ?   	github.com/imcherry5778-labs/github-capacity-cascade-lab/internal/telemetry	[no test files]
2026-09-19T11:49:23.2512970Z L12_BUILD_OK source_sha=0217cb98ce49547a3a929b909204b7278b95692c vendor_sha256=b79d50de1ba83429041b6256b1a9b335cef4537b04dd809870ccd3bdbd9325a8 binary_sha256=451ddd097041f655e817a2b5ae3ebb8900c4592c490c98a616882a3f220f896f artifact_version=prepared-primary-control-1
2026-09-19T11:49:23.6216347Z ⭐ Run Post http://primary:3000/l12/l12-action@e735cac7b96b71319dca899e18e06191c286987d
2026-09-19T11:49:23.6241836Z   ✅  Success - Post http://primary:3000/l12/l12-action@e735cac7b96b71319dca899e18e06191c286987d
2026-09-19T11:49:23.6286327Z 🏁  Job succeeded
