2026-09-19T11:52:28.9440534Z Runner 5ac1acff-665e-4655-819a-7ec26b95408d (version:v13.1.0) received task 6 of job delivery, triggered by event: workflow_dispatch
2026-09-19T11:52:28.9474356Z workflow prepared
2026-09-19T11:52:28.9508669Z   ☁️  git clone 'http://primary:3000/l12/l12-action' # ref=e735cac7b96b71319dca899e18e06191c286987d
2026-09-19T11:52:29.0087625Z   ☁️  git fetch 'http://primary:3000/l12/l12-action' skipped; ref=e735cac7b96b71319dca899e18e06191c286987d cached
2026-09-19T11:52:29.0191709Z ⭐ Run Pre http://primary:3000/l12/l12-action@e735cac7b96b71319dca899e18e06191c286987d
2026-09-19T11:52:29.0196097Z   ✅  Success - Pre http://primary:3000/l12/l12-action@e735cac7b96b71319dca899e18e06191c286987d
2026-09-19T11:52:29.0215394Z ⭐ Run Main http://primary:3000/l12/l12-action@e735cac7b96b71319dca899e18e06191c286987d
2026-09-19T11:52:29.0241698Z ⭐ Run Main set -eu\nprintf 'L12_ACTION_MARKER origin=%s\n' 'primary'
2026-09-19T11:52:29.0255518Z L12_ACTION_MARKER origin=primary
2026-09-19T11:52:29.0298191Z Cloning into '/tmp/tmp.cePjIg/source'...
2026-09-19T11:52:29.4177399Z HEAD is now at 0217cb9 Merge pull request #15 from imcherry5778-labs/feat/l11-sidecar-ambient
2026-09-19T11:52:29.4217191Z L12_CHECKOUT_OK source_sha=0217cb98ce49547a3a929b909204b7278b95692c source_url=http://primary:3000/l12/app-source.git
2026-09-19T11:52:50.1176048Z ?   	github.com/imcherry5778-labs/github-capacity-cascade-lab/cmd/auth-sim	[no test files]
2026-09-19T11:52:50.1228615Z ok  	github.com/imcherry5778-labs/github-capacity-cascade-lab/cmd/l05-custom-metrics-adapter	0.003s
2026-09-19T11:52:50.1242875Z ok  	github.com/imcherry5778-labs/github-capacity-cascade-lab/cmd/proxy-metrics-exporter	0.004s
2026-09-19T11:52:50.1243373Z ok  	github.com/imcherry5778-labs/github-capacity-cascade-lab/internal/fault	0.003s
2026-09-19T11:52:50.6479480Z ok  	github.com/imcherry5778-labs/github-capacity-cascade-lab/internal/server	0.044s
2026-09-19T11:52:50.6480414Z ?   	github.com/imcherry5778-labs/github-capacity-cascade-lab/internal/telemetry	[no test files]
2026-09-19T11:53:01.6282929Z L12_BUILD_OK source_sha=0217cb98ce49547a3a929b909204b7278b95692c vendor_sha256=b79d50de1ba83429041b6256b1a9b335cef4537b04dd809870ccd3bdbd9325a8 binary_sha256=451ddd097041f655e817a2b5ae3ebb8900c4592c490c98a616882a3f220f896f artifact_version=prepared-primary-control-6
2026-09-19T11:53:01.8192355Z ⭐ Run Post http://primary:3000/l12/l12-action@e735cac7b96b71319dca899e18e06191c286987d
2026-09-19T11:53:01.8209143Z   ✅  Success - Post http://primary:3000/l12/l12-action@e735cac7b96b71319dca899e18e06191c286987d
2026-09-19T11:53:01.8239708Z 🏁  Job succeeded
