2026-09-19T11:51:04.7404270Z Runner d754d373-1a7e-42a4-9f91-78c278e4a43e (version:v13.1.0) received task 1 of job delivery, triggered by event: workflow_dispatch
2026-09-19T11:51:04.7431845Z workflow prepared
2026-09-19T11:51:04.7472447Z   ☁️  git clone 'http://primary:3000/l12/l12-action' # ref=e735cac7b96b71319dca899e18e06191c286987d
2026-09-19T11:51:04.8060203Z   ☁️  git fetch 'http://primary:3000/l12/l12-action' skipped; ref=e735cac7b96b71319dca899e18e06191c286987d cached
2026-09-19T11:51:04.8178475Z ⭐ Run Pre http://primary:3000/l12/l12-action@e735cac7b96b71319dca899e18e06191c286987d
2026-09-19T11:51:04.8183109Z   ✅  Success - Pre http://primary:3000/l12/l12-action@e735cac7b96b71319dca899e18e06191c286987d
2026-09-19T11:51:04.8188895Z ⭐ Run Main http://primary:3000/l12/l12-action@e735cac7b96b71319dca899e18e06191c286987d
2026-09-19T11:51:04.8213135Z ⭐ Run Main set -eu\nprintf 'L12_ACTION_MARKER origin=%s\n' 'primary'
2026-09-19T11:51:04.8229358Z L12_ACTION_MARKER origin=primary
2026-09-19T11:51:04.8280016Z Cloning into '/tmp/tmp.NCIDCO/source'...
2026-09-19T11:51:05.1331088Z HEAD is now at 0217cb9 Merge pull request #15 from imcherry5778-labs/feat/l11-sidecar-ambient
2026-09-19T11:51:05.1364864Z L12_CHECKOUT_OK source_sha=0217cb98ce49547a3a929b909204b7278b95692c source_url=http://primary:3000/l12/app-source.git
2026-09-19T11:51:25.4527567Z ?   	github.com/imcherry5778-labs/github-capacity-cascade-lab/cmd/auth-sim	[no test files]
2026-09-19T11:51:25.4586161Z ok  	github.com/imcherry5778-labs/github-capacity-cascade-lab/cmd/l05-custom-metrics-adapter	0.004s
2026-09-19T11:51:25.4594061Z ok  	github.com/imcherry5778-labs/github-capacity-cascade-lab/cmd/proxy-metrics-exporter	0.004s
2026-09-19T11:51:25.4594484Z ok  	github.com/imcherry5778-labs/github-capacity-cascade-lab/internal/fault	0.004s
2026-09-19T11:51:25.8665443Z ok  	github.com/imcherry5778-labs/github-capacity-cascade-lab/internal/server	0.045s
2026-09-19T11:51:25.8666047Z ?   	github.com/imcherry5778-labs/github-capacity-cascade-lab/internal/telemetry	[no test files]
2026-09-19T11:51:36.7846834Z L12_BUILD_OK source_sha=0217cb98ce49547a3a929b909204b7278b95692c vendor_sha256=b79d50de1ba83429041b6256b1a9b335cef4537b04dd809870ccd3bdbd9325a8 binary_sha256=451ddd097041f655e817a2b5ae3ebb8900c4592c490c98a616882a3f220f896f artifact_version=prepared-primary-control-1
2026-09-19T11:51:37.0433560Z ⭐ Run Post http://primary:3000/l12/l12-action@e735cac7b96b71319dca899e18e06191c286987d
2026-09-19T11:51:37.0461455Z   ✅  Success - Post http://primary:3000/l12/l12-action@e735cac7b96b71319dca899e18e06191c286987d
2026-09-19T11:51:37.0521774Z 🏁  Job succeeded
