2026-09-19T11:47:16.7150490Z Runner ebdb1ec5-3762-43c0-9349-ffc8fff9874c (version:v13.1.0) received task 4 of job delivery, triggered by event: workflow_dispatch
2026-09-19T11:47:16.7206679Z workflow prepared
2026-09-19T11:47:16.7239024Z   ☁️  git clone 'http://continuity:3000/l12/l12-action' # ref=e735cac7b96b71319dca899e18e06191c286987d
2026-09-19T11:47:16.8111813Z   ☁️  git fetch 'http://continuity:3000/l12/l12-action' skipped; ref=e735cac7b96b71319dca899e18e06191c286987d cached
2026-09-19T11:47:16.8213831Z ⭐ Run Pre http://continuity:3000/l12/l12-action@e735cac7b96b71319dca899e18e06191c286987d
2026-09-19T11:47:16.8218208Z   ✅  Success - Pre http://continuity:3000/l12/l12-action@e735cac7b96b71319dca899e18e06191c286987d
2026-09-19T11:47:16.8223633Z ⭐ Run Main http://continuity:3000/l12/l12-action@e735cac7b96b71319dca899e18e06191c286987d
2026-09-19T11:47:16.8251671Z ⭐ Run Main set -eu\nprintf 'L12_ACTION_MARKER origin=%s\n' 'continuity'
2026-09-19T11:47:16.8265087Z L12_ACTION_MARKER origin=continuity
2026-09-19T11:47:16.8325914Z Cloning into '/tmp/tmp.JkbCGO/source'...
2026-09-19T11:47:17.2413144Z HEAD is now at 0217cb9 Merge pull request #15 from imcherry5778-labs/feat/l11-sidecar-ambient
2026-09-19T11:47:17.2465410Z L12_CHECKOUT_OK source_sha=0217cb98ce49547a3a929b909204b7278b95692c source_url=http://continuity:3000/l12/app-source.git
2026-09-19T11:47:39.6191275Z ?   	github.com/imcherry5778-labs/github-capacity-cascade-lab/cmd/auth-sim	[no test files]
2026-09-19T11:47:39.6256086Z ok  	github.com/imcherry5778-labs/github-capacity-cascade-lab/cmd/l05-custom-metrics-adapter	0.004s
2026-09-19T11:47:39.6263536Z ok  	github.com/imcherry5778-labs/github-capacity-cascade-lab/cmd/proxy-metrics-exporter	0.004s
2026-09-19T11:47:39.6263926Z ok  	github.com/imcherry5778-labs/github-capacity-cascade-lab/internal/fault	0.004s
2026-09-19T11:47:40.0897707Z ok  	github.com/imcherry5778-labs/github-capacity-cascade-lab/internal/server	0.043s
2026-09-19T11:47:40.0898649Z ?   	github.com/imcherry5778-labs/github-capacity-cascade-lab/internal/telemetry	[no test files]
2026-09-19T11:47:51.5292516Z L12_BUILD_OK source_sha=0217cb98ce49547a3a929b909204b7278b95692c vendor_sha256=b79d50de1ba83429041b6256b1a9b335cef4537b04dd809870ccd3bdbd9325a8 binary_sha256=451ddd097041f655e817a2b5ae3ebb8900c4592c490c98a616882a3f220f896f artifact_version=prepared-prepared-continuity-4
2026-09-19T11:47:51.8526148Z ⭐ Run Post http://continuity:3000/l12/l12-action@e735cac7b96b71319dca899e18e06191c286987d
2026-09-19T11:47:51.8552233Z   ✅  Success - Post http://continuity:3000/l12/l12-action@e735cac7b96b71319dca899e18e06191c286987d
2026-09-19T11:47:51.8603549Z 🏁  Job succeeded
